python test_features.py > output.txt 2>&1